{
  "info": {
    "title": "Ghidra MCP Bridge API",
    "version": "1.0.0"
  },
  "openapi": "3.1.0",
  "paths": {
    "/api/health.json": {
      "get": {
        "summary": "health_route"
      },
      "head": {
        "summary": "health_route"
      }
    },
    "/api/jt_scan.json": {
      "post": {
        "summary": "jt_scan_route"
      }
    },
    "/api/jt_slot_check.json": {
      "post": {
        "summary": "jt_slot_check_route"
      }
    },
    "/api/jt_slot_process.json": {
      "post": {
        "summary": "jt_slot_process_route"
      }
    },
    "/api/mmio_annotate.json": {
      "post": {
        "summary": "mmio_annotate_route"
      }
    },
    "/api/search_imports.json": {
      "post": {
        "summary": "search_imports_route"
      }
    },
    "/api/search_exports.json": {
      "post": {
        "summary": "search_exports_route"
      }
    },
    "/api/search_functions.json": {
      "post": {
        "summary": "search_functions_route"
      }
    },
    "/api/search_strings.json": {
      "post": {
        "summary": "search_strings_route"
      }
    },
    "/api/string_xrefs.json": {
      "post": {
        "summary": "string_xrefs_route"
      }
    },
    "/api/strings_compact.json": {
      "post": {
        "summary": "strings_compact_route"
      }
    }
  }
}
